0 verbose cli /opt/homebrew/Cellar/node/25.6.0/bin/node /opt/homebrew/bin/npm
1 info using npm@11.8.0
2 info using node@v25.6.0
3 silly config load:file:/opt/homebrew/lib/node_modules/npm/npmrc
4 silly config load:file:/Users/pfo/Documents/code/dev/MeetManager-ToolsV3/mobile-judge-app/.npmrc
5 silly config load:file:/Users/pfo/.npmrc
6 silly config load:file:/opt/homebrew/etc/npmrc
7 verbose title npm install
8 verbose argv "install" "--legacy-peer-deps" "--no-audit" "--no-fund" "--cache" ".npm-cache-local"
9 verbose logfile logs-max:10 dir:/Users/pfo/Documents/code/dev/MeetManager-ToolsV3/mobile-judge-app/.npm-cache-local/_logs/2026-02-16T06_14_36_984Z-
10 verbose logfile /Users/pfo/Documents/code/dev/MeetManager-ToolsV3/mobile-judge-app/.npm-cache-local/_logs/2026-02-16T06_14_36_984Z-debug-0.log
11 silly logfile done cleaning log files
12 silly packumentCache heap:2348810240 maxSize:587202560 maxEntrySize:293601280
13 silly idealTree buildDeps
14 silly reify moves {}
15 verbose cwd /Users/pfo/Documents/code/dev/MeetManager-ToolsV3/mobile-judge-app
16 verbose os Darwin 25.2.0
17 verbose node v25.6.0
18 verbose npm  v11.8.0
19 verbose exit 0
20 info ok
